XTAL1 -999999
gated_hclk -999999
u_ahb_ram_genblk3_u_fpga_sram_n3 -2.74288
u_ahb_ram_genblk3_SRAMWDATA[19] -2.71488
u_ahb_ram_genblk3_SRAMWDATA[22] -2.58008
u_ahb_ram_genblk3_SRAMWDATA[21] -2.58005
u_ahb_ram_genblk3_SRAMWDATA[18] -2.57708
u_ahb_ram_genblk3_SRAMWDATA[20] -2.57491
u_ahb_ram_genblk3_u_fpga_sram_sBRAM2_chip_select -2.56451
u_ahb_ram_genblk3_SRAMWDATA[17] -2.56182
u_ahb_ram_genblk3_SRAMWDATA[23] -2.5589
u_ahb_ram_genblk3_SRAMWDATA[16] -2.55175
u_ahb_ram_genblk3_SRAMWDATA[31] -1.52903
u_ahb_ram_genblk3_SRAMWDATA[27] -1.49265
u_ahb_ram_genblk3_SRAMWDATA[30] -1.48408
u_ahb_ram_genblk3_SRAMWDATA[25] -1.48015
u_ahb_ram_genblk3_SRAMWDATA[28] -1.47713
u_ahb_ram_genblk3_SRAMWDATA[26] -1.47619
u_ahb_ram_genblk3_SRAMWDATA[29] -1.47258
u_ahb_ram_genblk3_SRAMWDATA[24] -1.4476
u_ahb_ram_genblk3_u_fpga_sram_sBRAM3_data_out[3] -1.22914
u_ahb_ram_genblk3_u_fpga_sram_sBRAM3_data_out[5] -1.14219
u_ahb_ram_genblk3_u_fpga_sram_sBRAM3_data_out[1] -1.14135
u_ahb_ram_genblk3_u_fpga_sram_sBRAM3_data_out[7] -1.13628
u_ahb_ram_genblk3_SRAMADDR[7] -1.13187
u_ahb_ram_genblk3_SRAMADDR[9] -1.13069
u_ahb_ram_genblk3_u_fpga_sram_sBRAM3_data_out[6] -1.13066
u_ahb_ram_genblk3_u_fpga_sram_n2 -1.12519
u_ahb_ram_genblk3_u_fpga_sram_sBRAM3_data_out[0] -1.11888
u_ahb_ram_genblk3_SRAMADDR[2] -1.11857
u_ahb_ram_genblk3_SRAMADDR[3] -1.11311
u_ahb_ram_genblk3_u_fpga_sram_sBRAM3_data_out[2] -1.09323
u_ahb_ram_genblk3_u_fpga_sram_sBRAM3_data_out[4] -1.08394
u_ahb_ram_genblk3_SRAMADDR[0] -1.0382
u_ahb_ram_genblk3_SRAMADDR[11] -1.03196
u_ahb_ram_genblk3_SRAMADDR[4] -1.03147
u_ahb_ram_genblk3_SRAMADDR[1] -1.03031
u_ahb_ram_genblk3_SRAMADDR[8] -1.02817
u_ahb_ram_genblk3_SRAMADDR[6] -1.01678
u_ahb_ram_genblk3_SRAMADDR[5] -0.994518
u_ahb_ram_genblk3_SRAMADDR[10] -0.97039
u_ahb_ram_genblk3_u_fpga_sram_sBRAM3_chip_select -0.961683
P1[7] 0.336067
P0[1] 0.350887
P1[8] 0.35548
P1[11] 0.35661
P0[8] 0.358243
P1[10] 0.359474
P1[12] 0.359875
P1[2] 0.360332
P1[0] 0.36059
P0[4] 0.361075
P0[7] 0.361093
P0[14] 0.361825
P0[11] 0.362417
P1[6] 0.36284
P0[2] 0.363236
P0[5] 0.363677
P0[3] 0.36666
P0[6] 0.367711
P0[15] 0.368005
P1[15] 0.3683
P0[0] 0.37185
P0[13] 0.373568
P1[13] 0.376496
P0[9] 0.376664
P1[4] 0.377339
P0[12] 0.377434
P1[14] 0.378095
P1[9] 0.378366
P0[10] 0.380026
P1[5] 0.409595
P1[3] 0.412324
P1[1] 0.421839
u_ahb_ram_genblk3_u_fpga_sram_sBRAM2_data_out[4] 0.976063
u_ahb_ram_genblk3_u_fpga_sram_sBRAM2_data_out[6] 1.06562
u_ahb_ram_genblk3_u_fpga_sram_sBRAM2_data_out[1] 1.08112
u_ahb_ram_genblk3_u_fpga_sram_sBRAM2_data_out[7] 1.08244
u_ahb_ram_genblk3_u_fpga_sram_sBRAM2_data_out[3] 1.0846
u_ahb_ram_genblk3_u_fpga_sram_sBRAM2_data_out[5] 1.08833
u_ahb_ram_genblk3_u_fpga_sram_sBRAM2_data_out[0] 1.09514
u_ahb_ram_genblk3_u_fpga_sram_sBRAM2_data_out[2] 1.0988
SWCLKTCK 999996
NRST 999996
SWDIOTMS 999996
